{
  "root": {
    "type": "TestNode",
    "data": "value"
  }
}